// Jest Snapshot v1, https://goo.gl/fbAQLP

exports[`render duplicated line 1`] = `
<td
  className="source-meta source-line-duplications source-line-duplicated"
  data-placement="right"
  data-toggle="tooltip"
  onClick={[Function]}
  role="button"
  tabIndex={0}
  title="source_viewer.tooltip.duplicated_line"
>
  <div
    className="source-line-bar"
  />
</td>
`;

exports[`render not duplicated line 1`] = `
<td
  className="source-meta source-line-duplications"
>
  <div
    className="source-line-bar"
  />
</td>
`;
